// Jest Snapshot v1, https://goo.gl/fbAQLP

exports[`Calculator display renders the complete UI correctly 1`] = `
Array [
  <h2
    className="go-time-text"
  >
    It's Math Time!!
  </h2>,
  <section
    className="calc-UI"
  >
    <div
      className="display"
    >
      0
    </div>
    <div
      className="keys"
    >
      <button
        className="calc-Btns"
        onClick={[Function]}
        type="button"
      >
        AC
      </button>
      <button
        className="calc-Btns"
        onClick={[Function]}
        type="button"
      >
        +/-
      </button>
      <button
        className="calc-Btns"
        onClick={[Function]}
        type="button"
      >
        %
      </button>
      <button
        className="calc-Btns"
        onClick={[Function]}
        type="button"
      >
        รท
      </button>
    </div>
    <div
      className="keys"
    >
      <button
        className="calc-Btns"
        onClick={[Function]}
        type="button"
      >
        7
      </button>
      <button
        className="calc-Btns"
        onClick={[Function]}
        type="button"
      >
        8
      </button>
      <button
        className="calc-Btns"
        onClick={[Function]}
        type="button"
      >
        9
      </button>
      <button
        className="calc-Btns"
        onClick={[Function]}
        type="button"
      >
        x
      </button>
    </div>
    <div
      className="keys"
    >
      <button
        className="calc-Btns"
        onClick={[Function]}
        type="button"
      >
        4
      </button>
      <button
        className="calc-Btns"
        onClick={[Function]}
        type="button"
      >
        5
      </button>
      <button
        className="calc-Btns"
        onClick={[Function]}
        type="button"
      >
        6
      </button>
      <button
        className="calc-Btns"
        onClick={[Function]}
        type="button"
      >
        -
      </button>
    </div>
    <div
      className="keys"
    >
      <button
        className="calc-Btns"
        onClick={[Function]}
        type="button"
      >
        1
      </button>
      <button
        className="calc-Btns"
        onClick={[Function]}
        type="button"
      >
        2
      </button>
      <button
        className="calc-Btns"
        onClick={[Function]}
        type="button"
      >
        3
      </button>
      <button
        className="calc-Btns"
        onClick={[Function]}
        type="button"
      >
        +
      </button>
    </div>
    <div
      className="keys"
    >
      <button
        className="calc-Btns"
        onClick={[Function]}
        type="button"
      >
        0
      </button>
      <button
        className="calc-Btns"
        onClick={[Function]}
        type="button"
      >
        .
      </button>
      <button
        className="calc-Btns"
        onClick={[Function]}
        type="button"
      >
        =
      </button>
    </div>
  </section>,
]
`;
